2024-12-07 22:07:14,556 - INFO - 1eeete56g4@qq.com
2024-12-07 22:07:15,318 - INFO - {'status': 'success', 'message': '操作成功', 'data': {'token': '1f128f0545eb3248ead3fcd9070e26f0', 'is_admin': None, 'auth_data': 'eyJ0eXAiOiJKV1QiLCJhbGciOiJIUzI1NiJ9.eyJpZCI6MTczNzIwLCJzZXNzaW9uIjoiOTRjMTU1YWJmMmI0OWEyZTY3MGNhMjA4NTIyMzI0YzUifQ.2681n7ZGH3GXnxB3SJMZFMuSJ4183NmKZ60QbPr-2nM'}, 'error': None}
2024-12-07 22:07:15,318 - INFO - https://cainiao220.top/api/v1/client/subscribe?token=1f128f0545eb3248ead3fcd9070e26f0&flag=clash
2024-12-07 23:07:39,362 - INFO - v5lkhnnk9u@qq.com
2024-12-07 23:07:40,086 - INFO - {'status': 'success', 'message': '操作成功', 'data': {'token': '8392219b246f23e575e81fa77051d476', 'is_admin': None, 'auth_data': 'eyJ0eXAiOiJKV1QiLCJhbGciOiJIUzI1NiJ9.eyJpZCI6MTczNzU4LCJzZXNzaW9uIjoiZDQ0YjQwNDYyMWI2MzYxZTNhOWJlZTAxNjI2YjdkZGUifQ.lDgEfEAXH0RRI-6gv_VvJBV1jL5n8U0HlsCt63LyRKk'}, 'error': None}
2024-12-07 23:07:40,087 - INFO - https://cainiao220.top/api/v1/client/subscribe?token=8392219b246f23e575e81fa77051d476&flag=clash
2024-12-08 02:10:49,602 - INFO - zclrspfk9j@qq.com
2024-12-08 02:10:50,331 - INFO - {'status': 'success', 'message': '操作成功', 'data': {'token': 'db31466b3a5415e337bd7e1b3b989552', 'is_admin': None, 'auth_data': 'eyJ0eXAiOiJKV1QiLCJhbGciOiJIUzI1NiJ9.eyJpZCI6MTczODczLCJzZXNzaW9uIjoiMzliMWE1MWI5NmRkOTcyODdkNzNhZGE0ZDU3YzIzYzMifQ.9bMhAM4VgcSabkraa2TOn2HQ0KJ4vr3rfdMf35iXzRU'}, 'error': None}
2024-12-08 02:10:50,331 - INFO - https://cainiao220.top/api/v1/client/subscribe?token=db31466b3a5415e337bd7e1b3b989552&flag=clash
2024-12-08 05:07:13,336 - INFO - 6z40tm9cpf@qq.com
2024-12-08 05:07:14,075 - INFO - {'status': 'success', 'message': '操作成功', 'data': {'token': 'f616b3827b1fbbd73d3bc6e061378a38', 'is_admin': None, 'auth_data': 'eyJ0eXAiOiJKV1QiLCJhbGciOiJIUzI1NiJ9.eyJpZCI6MTczOTgwLCJzZXNzaW9uIjoiNjBiOGFlZDU0OTlkNjg0NzAwZmJlMzUwODk2ZmM1YjgifQ.3n8nFb6UTIzlb0MsM4x41ql196KOZb-Ei2levTq3NQE'}, 'error': None}
2024-12-08 05:07:14,075 - INFO - https://cainiao220.top/api/v1/client/subscribe?token=f616b3827b1fbbd73d3bc6e061378a38&flag=clash
2024-12-08 08:49:21,530 - INFO - o7r8e7fr1u@qq.com
2024-12-08 08:49:22,292 - INFO - {'status': 'success', 'message': '操作成功', 'data': {'token': 'd377ab2656bad200c3521be77a59cfd4', 'is_admin': None, 'auth_data': 'eyJ0eXAiOiJKV1QiLCJhbGciOiJIUzI1NiJ9.eyJpZCI6MTc0MDc5LCJzZXNzaW9uIjoiMzgwNjZmMDQzYjIxOGFkOGMwOWY3N2RjMjI5ZTRiNDAifQ.IroLBvKpJh_WOumdYpYogwCxgpKYm4jVU-9ctcX4YF8'}, 'error': None}
2024-12-08 08:49:22,292 - INFO - https://cainiao220.top/api/v1/client/subscribe?token=d377ab2656bad200c3521be77a59cfd4&flag=clash
2024-12-08 11:30:30,964 - INFO - aq30hipec3@qq.com
2024-12-08 11:30:31,703 - INFO - {'status': 'success', 'message': '操作成功', 'data': {'token': 'a03992bdaf46702232d4576dd18bc105', 'is_admin': None, 'auth_data': 'eyJ0eXAiOiJKV1QiLCJhbGciOiJIUzI1NiJ9.eyJpZCI6MTc0MjAxLCJzZXNzaW9uIjoiYWU5M2RlMGI1ZjEyYTRmNThkNzQ0M2UxMjM4M2NmYWQifQ.cCbgKVDNyoi8NwiVYKI7awhBEE3GEjVzAHFHpwXjm-g'}, 'error': None}
2024-12-08 11:30:31,703 - INFO - https://cainiao220.top/api/v1/client/subscribe?token=a03992bdaf46702232d4576dd18bc105&flag=clash
